
> printfrenzy@0.1.0 build
> next build

Γû▓ Next.js 16.1.7 (Turbopack)

node.exe : ΓÜá The "middleware" file 
convention is deprecated. Please use "proxy" 
instead. Learn more: https://nextjs.org/docs/
messages/middleware-to-proxy
At line:1 char:1
+ & "C:\Program Files\nodejs/node.exe" 
"C:\Users\curtis\AppData\Roaming ...
+ ~~~~~~~~~~~~~~~~~~~~~~~~~~~~~~~~~~~~~~~~~~~
~~~~~~~~~~~~~~~~~~~~~~~~~~
    + CategoryInfo          : NotSpecified:  
   (ΓÜá The "middle...leware-to-proxy:Strin  
  g) [], RemoteException
    + FullyQualifiedErrorId : NativeCommandE 
   rror
 
  Creating an optimized production build ...

> Build error occurred
Error: Turbopack build failed with 3 errors:
./src/app/api/upload/route.ts:2:1
Module not found: Can't resolve 
'@aws-sdk/client-s3'
[0m [90m 1 |[39m [36mimport[39m { 
[33mNextRequest[39m[33m,[39m 
[33mNextResponse[39m } [36mfrom[39m 
[32m'next/server'[39m[33m;[39m
[31m[1m>[22m[39m[90m 2 |[39m 
[36mimport[39m { 
[33mPutObjectCommand[39m } [36mfrom[39m 
[32m"@aws-sdk/client-s3"[39m[33m;[39m
 [90m   |[39m [31m[1m^[22m[39m[31m[1m
^[22m[39m[31m[1m^[22m[39m[31m[1m^[22
m[39m[31m[1m^[22m[39m[31m[1m^[22m[39
m[31m[1m^[22m[39m[31m[1m^[22m[39m[31
m[1m^[22m[39m[31m[1m^[22m[39m[31m[1m
^[22m[39m[31m[1m^[22m[39m[31m[1m^[22
m[39m[31m[1m^[22m[39m[31m[1m^[22m[39
m[31m[1m^[22m[39m[31m[1m^[22m[39m[31
m[1m^[22m[39m[31m[1m^[22m[39m[31m[1m
^[22m[39m[31m[1m^[22m[39m[31m[1m^[22
m[39m[31m[1m^[22m[39m[31m[1m^[22m[39
m[31m[1m^[22m[39m[31m[1m^[22m[39m[31
m[1m^[22m[39m[31m[1m^[22m[39m[31m[1m
^[22m[39m[31m[1m^[22m[39m[31m[1m^[22
m[39m[31m[1m^[22m[39m[31m[1m^[22m[39
m[31m[1m^[22m[39m[31m[1m^[22m[39m[31
m[1m^[22m[39m[31m[1m^[22m[39m[31m[1m
^[22m[39m[31m[1m^[22m[39m[31m[1m^[22
m[39m[31m[1m^[22m[39m[31m[1m^[22m[39
m[31m[1m^[22m[39m[31m[1m^[22m[39m[31
m[1m^[22m[39m[31m[1m^[22m[39m[31m[1m
^[22m[39m[31m[1m^[22m[39m[31m[1m^[22
m[39m[31m[1m^[22m[39m[31m[1m^[22m[39
m[31m[1m^[22m[39m[31m[1m^[22m[39m[31
m[1m^[22m[39m
 [90m 3 |[39m [36mimport[39m { 
getSignedUrl } [36mfrom[39m [32m"@aws-sdk/
s3-request-presigner"[39m[33m;[39m
 [90m 4 |[39m [36mimport[39m { 
getR2Client } [36mfrom[39m 
[32m"@/utils/r2Client"[39m[33m;[39m
 [90m 5 |[39m[0m



https://nextjs.org/docs/messages/module-not-f
ound


./src/utils/r2Client.ts:1:1
Module not found: Can't resolve 
'@aws-sdk/client-s3'
[0m[31m[1m>[22m[39m[90m 1 |[39m 
[36mimport[39m { [33mS3Client[39m } 
[36mfrom[39m 
[32m"@aws-sdk/client-s3"[39m[33m;[39m
 [90m   |[39m [31m[1m^[22m[39m[31m[1m
^[22m[39m[31m[1m^[22m[39m[31m[1m^[22
m[39m[31m[1m^[22m[39m[31m[1m^[22m[39
m[31m[1m^[22m[39m[31m[1m^[22m[39m[31
m[1m^[22m[39m[31m[1m^[22m[39m[31m[1m
^[22m[39m[31m[1m^[22m[39m[31m[1m^[22
m[39m[31m[1m^[22m[39m[31m[1m^[22m[39
m[31m[1m^[22m[39m[31m[1m^[22m[39m[31
m[1m^[22m[39m[31m[1m^[22m[39m[31m[1m
^[22m[39m[31m[1m^[22m[39m[31m[1m^[22
m[39m[31m[1m^[22m[39m[31m[1m^[22m[39
m[31m[1m^[22m[39m[31m[1m^[22m[39m[31
m[1m^[22m[39m[31m[1m^[22m[39m[31m[1m
^[22m[39m[31m[1m^[22m[39m[31m[1m^[22
m[39m[31m[1m^[22m[39m[31m[1m^[22m[39
m[31m[1m^[22m[39m[31m[1m^[22m[39m[31
m[1m^[22m[39m[31m[1m^[22m[39m[31m[1m
^[22m[39m[31m[1m^[22m[39m[31m[1m^[22
m[39m[31m[1m^[22m[39m[31m[1m^[22m[39
m[31m[1m^[22m[39m[31m[1m^[22m[39m[31
m[1m^[22m[39m[31m[1m^[22m[39m
 [90m 2 |[39m
 [90m 3 |[39m [36mexport[39m 
[36mconst[39m getR2Client [33m=[39m () 
[33m=>[39m {
 [90m 4 |[39m   [90m// Accessing 
process.env inside the function ensures it 
works with Cloudflare's 
nodejs_compat[39m[0m



Import trace:
  Edge App Route:
    ./src/utils/r2Client.ts
    ./src/app/api/upload/route.ts

https://nextjs.org/docs/messages/module-not-f
ound


./src/app/api/upload/route.ts:3:1
Module not found: Can't resolve 
'@aws-sdk/s3-request-presigner'
[0m [90m 1 |[39m [36mimport[39m { 
[33mNextRequest[39m[33m,[39m 
[33mNextResponse[39m } [36mfrom[39m 
[32m'next/server'[39m[33m;[39m
 [90m 2 |[39m [36mimport[39m { 
[33mPutObjectCommand[39m } [36mfrom[39m 
[32m"@aws-sdk/client-s3"[39m[33m;[39m
[31m[1m>[22m[39m[90m 3 |[39m 
[36mimport[39m { getSignedUrl } 
[36mfrom[39m [32m"@aws-sdk/s3-request-pres
igner"[39m[33m;[39m
 [90m   |[39m [31m[1m^[22m[39m[31m[1m
^[22m[39m[31m[1m^[22m[39m[31m[1m^[22
m[39m[31m[1m^[22m[39m[31m[1m^[22m[39
m[31m[1m^[22m[39m[31m[1m^[22m[39m[31
m[1m^[22m[39m[31m[1m^[22m[39m[31m[1m
^[22m[39m[31m[1m^[22m[39m[31m[1m^[22
m[39m[31m[1m^[22m[39m[31m[1m^[22m[39
m[31m[1m^[22m[39m[31m[1m^[22m[39m[31
m[1m^[22m[39m[31m[1m^[22m[39m[31m[1m
^[22m[39m[31m[1m^[22m[39m[31m[1m^[22
m[39m[31m[1m^[22m[39m[31m[1m^[22m[39
m[31m[1m^[22m[39m[31m[1m^[22m[39m[31
m[1m^[22m[39m[31m[1m^[22m[39m[31m[1m
^[22m[39m[31m[1m^[22m[39m[31m[1m^[22
m[39m[31m[1m^[22m[39m[31m[1m^[22m[39
m[31m[1m^[22m[39m[31m[1m^[22m[39m[31
m[1m^[22m[39m[31m[1m^[22m[39m[31m[1m
^[22m[39m[31m[1m^[22m[39m[31m[1m^[22
m[39m[31m[1m^[22m[39m[31m[1m^[22m[39
m[31m[1m^[22m[39m[31m[1m^[22m[39m[31
m[1m^[22m[39m[31m[1m^[22m[39m[31m[1m
^[22m[39m[31m[1m^[22m[39m[31m[1m^[22
m[39m[31m[1m^[22m[39m[31m[1m^[22m[39
m[31m[1m^[22m[39m[31m[1m^[22m[39m[31
m[1m^[22m[39m[31m[1m^[22m[39m[31m[1m
^[22m[39m[31m[1m^[22m[39m[31m[1m^[22
m[39m[31m[1m^[22m[39m[31m[1m^[22m[39
m[31m[1m^[22m[39m
 [90m 4 |[39m [36mimport[39m { 
getR2Client } [36mfrom[39m 
[32m"@/utils/r2Client"[39m[33m;[39m
 [90m 5 |[39m
 [90m 6 |[39m [36mexport[39m 
[36mconst[39m runtime [33m=[39m 
[32m'edge'[39m[33m;[39m[0m



https://nextjs.org/docs/messages/module-not-f
ound


    at <unknown> 
(./src/app/api/upload/route.ts:2:1)
    at <unknown> (https://nextjs.org/docs/mes
sages/module-not-found)
    at <unknown> 
(./src/utils/r2Client.ts:1:1)
    at <unknown> (https://nextjs.org/docs/mes
sages/module-not-found)
    at <unknown> 
(./src/app/api/upload/route.ts:3:1)
    at <unknown> (https://nextjs.org/docs/mes
sages/module-not-found)
